[debug] [2026-04-10T13:31:19.823Z] ----------------------------------------------------------------------
[debug] [2026-04-10T13:31:19.826Z] Command:       C:\Program Files\nodejs\node.exe C:\Users\acer\AppData\Roaming\npm\node_modules\firebase-tools\lib\bin\firebase.js deploy --only functions
[debug] [2026-04-10T13:31:19.826Z] CLI Version:   15.10.1
[debug] [2026-04-10T13:31:19.827Z] Platform:      win32
[debug] [2026-04-10T13:31:19.827Z] Node Version:  v20.20.1
[debug] [2026-04-10T13:31:19.827Z] Time:          Fri Apr 10 2026 19:01:19 GMT+0530 (India Standard Time)
[debug] [2026-04-10T13:31:19.827Z] ----------------------------------------------------------------------
[debug] 
[debug] [2026-04-10T13:31:21.608Z] > command requires scopes: ["email","openid","https://www.googleapis.com/auth/cloudplatformprojects.readonly","https://www.googleapis.com/auth/firebase","https://www.googleapis.com/auth/cloud-platform"]
[debug] [2026-04-10T13:31:21.608Z] > authorizing via signed-in user (ajrdigitalhub@gmail.com)
[debug] [2026-04-10T13:31:21.609Z] [iam] checking project ideaazone3d for permissions ["cloudfunctions.functions.create","cloudfunctions.functions.delete","cloudfunctions.functions.get","cloudfunctions.functions.list","cloudfunctions.functions.update","cloudfunctions.operations.get","firebase.projects.get"]
[debug] [2026-04-10T13:31:21.610Z] Checked if tokens are valid: true, expires at: 1775830095597
[debug] [2026-04-10T13:31:21.610Z] Checked if tokens are valid: true, expires at: 1775830095597
[debug] [2026-04-10T13:31:21.611Z] >>> [apiv2][query] POST https://cloudresourcemanager.googleapis.com/v1/projects/ideaazone3d:testIamPermissions [none]
[debug] [2026-04-10T13:31:21.611Z] >>> [apiv2][(partial)header] POST https://cloudresourcemanager.googleapis.com/v1/projects/ideaazone3d:testIamPermissions  x-goog-user-project=ideaazone3d
[debug] [2026-04-10T13:31:21.611Z] >>> [apiv2][body] POST https://cloudresourcemanager.googleapis.com/v1/projects/ideaazone3d:testIamPermissions {"permissions":["cloudfunctions.functions.create","cloudfunctions.functions.delete","cloudfunctions.functions.get","cloudfunctions.functions.list","cloudfunctions.functions.update","cloudfunctions.operations.get","firebase.projects.get"]}
[debug] [2026-04-10T13:31:54.609Z] *** [apiv2] error from fetch(https://cloudresourcemanager.googleapis.com/v1/projects/ideaazone3d:testIamPermissions, {"headers":{},"method":"POST","body":"{\"permissions\":[\"cloudfunctions.functions.create\",\"cloudfunctions.functions.delete\",\"cloudfunctions.functions.get\",\"cloudfunctions.functions.list\",\"cloudfunctions.functions.update\",\"cloudfunctions.operations.get\",\"firebase.projects.get\"]}"}): FetchError: request to https://cloudresourcemanager.googleapis.com/v1/projects/ideaazone3d:testIamPermissions failed, reason: 
[debug] [2026-04-10T13:31:54.610Z] [iam] error while checking permissions, command may fail: Failed to make request to https://cloudresourcemanager.googleapis.com/v1/projects/ideaazone3d:testIamPermissions
[debug] [2026-04-10T13:31:54.611Z] Checked if tokens are valid: true, expires at: 1775830095597
[debug] [2026-04-10T13:31:54.611Z] Checked if tokens are valid: true, expires at: 1775830095597
[debug] [2026-04-10T13:31:54.611Z] >>> [apiv2][query] POST https://iam.googleapis.com/v1/projects/ideaazone3d/serviceAccounts/ideaazone3d@appspot.gserviceaccount.com:testIamPermissions [none]
[debug] [2026-04-10T13:31:54.611Z] >>> [apiv2][body] POST https://iam.googleapis.com/v1/projects/ideaazone3d/serviceAccounts/ideaazone3d@appspot.gserviceaccount.com:testIamPermissions {"permissions":["iam.serviceAccounts.actAs"]}
[debug] [2026-04-10T13:32:05.715Z] *** [apiv2] error from fetch(https://iam.googleapis.com/v1/projects/ideaazone3d/serviceAccounts/ideaazone3d@appspot.gserviceaccount.com:testIamPermissions, {"headers":{},"method":"POST","body":"{\"permissions\":[\"iam.serviceAccounts.actAs\"]}"}): FetchError: request to https://iam.googleapis.com/v1/projects/ideaazone3d/serviceAccounts/ideaazone3d@appspot.gserviceaccount.com:testIamPermissions failed, reason: getaddrinfo ENOTFOUND iam.googleapis.com
[debug] [2026-04-10T13:32:05.715Z] [functions] service account IAM check errored, deploy may fail: Failed to make request to https://iam.googleapis.com/v1/projects/ideaazone3d/serviceAccounts/ideaazone3d@appspot.gserviceaccount.com:testIamPermissions {"name":"FirebaseError","children":[],"exit":1,"message":"Failed to make request to https://iam.googleapis.com/v1/projects/ideaazone3d/serviceAccounts/ideaazone3d@appspot.gserviceaccount.com:testIamPermissions","original":{"message":"request to https://iam.googleapis.com/v1/projects/ideaazone3d/serviceAccounts/ideaazone3d@appspot.gserviceaccount.com:testIamPermissions failed, reason: getaddrinfo ENOTFOUND iam.googleapis.com","type":"system","errno":"ENOTFOUND","code":"ENOTFOUND"},"status":500}
[info] 
[info] === Deploying to 'ideaazone3d'...
[info] 
[info] i  deploying functions 
[info] +  functions: Finished running predeploy script. 
[debug] [2026-04-10T13:32:05.729Z] Checked if tokens are valid: true, expires at: 1775830095597
[debug] [2026-04-10T13:32:05.729Z] Checked if tokens are valid: true, expires at: 1775830095597
[debug] [2026-04-10T13:32:05.729Z] >>> [apiv2][query] GET https://cloudresourcemanager.googleapis.com/v1/projects/ideaazone3d [none]
[debug] [2026-04-10T13:32:30.653Z] *** [apiv2] error from fetch(https://cloudresourcemanager.googleapis.com/v1/projects/ideaazone3d, {"headers":{},"method":"GET"}): FetchError: request to https://cloudresourcemanager.googleapis.com/v1/projects/ideaazone3d failed, reason: 
[debug] [2026-04-10T13:32:35.676Z] Error: Timed out.
    at Timeout._onTimeout (C:\Users\acer\AppData\Roaming\npm\node_modules\firebase-tools\lib\utils.js:308:49)
    at listOnTimeout (node:internal/timers:581:17)
    at process.processTimers (node:internal/timers:519:7)
[error] 
[error] Error: An unexpected error has occurred.
